// Jest Snapshot v1, https://goo.gl/fbAQLP

exports[`Tooltip renders and matches the snapshot 1`] = `
<div>
  <span>
    <span
      style="display: inline-block;"
    >
      <button>
        button text
      </button>
    </span>
  </span>
</div>
`;
